exports[`test renders correctly 1`] = `
<View
  style={
    Object {
      "alignItems": "center",
      "flex": 1,
      "justifyContent": "center",
      "marginTop": 50,
    }
  }>
  <Text
    accessible={true}
    allowFontScaling={true}
    ellipsizeMode="tail"
    onPress={[Function]}>
    Im the 
    TEST TEXT
     component with title 
    TEST TITLE
  </Text>
  <View
    accessibilityComponentType={undefined}
    accessibilityLabel={undefined}
    accessibilityTraits={undefined}
    accessible={true}
    hitSlop={undefined}
    onLayout={undefined}
    onResponderGrant={[Function]}
    onResponderMove={[Function]}
    onResponderRelease={[Function]}
    onResponderTerminate={[Function]}
    onResponderTerminationRequest={[Function]}
    onStartShouldSetResponder={[Function]}
    style={
      Object {
        "opacity": 1,
      }
    }
    testID={undefined}>
    <View
      style={
        Array [
          Object {
            "alignItems": "center",
            "borderColor": "black",
            "borderWidth": 1,
            "height": 20,
            "justifyContent": "center",
            "marginTop": 50,
            "width": 100,
          },
          Object {
            "alignItems": "center",
            "borderColor": "black",
            "borderWidth": 1,
            "height": 35,
            "justifyContent": "center",
            "marginTop": 50,
            "width": 120,
          },
        ]
      }>
      <Text
        accessible={true}
        allowFontScaling={true}
        ellipsizeMode="tail"
        style={
          Array [
            Object {
              "fontSize": 15,
            },
            Object {
              "fontSize": 20,
            },
          ]
        }>
        SETTINGS
      </Text>
    </View>
  </View>
  <View
    accessibilityComponentType={undefined}
    accessibilityLabel={undefined}
    accessibilityTraits={undefined}
    accessible={true}
    hitSlop={undefined}
    onLayout={undefined}
    onResponderGrant={[Function]}
    onResponderMove={[Function]}
    onResponderRelease={[Function]}
    onResponderTerminate={[Function]}
    onResponderTerminationRequest={[Function]}
    onStartShouldSetResponder={[Function]}
    style={
      Object {
        "opacity": 1,
      }
    }
    testID={undefined}>
    <View
      style={
        Array [
          Object {
            "alignItems": "center",
            "borderColor": "black",
            "borderWidth": 1,
            "height": 20,
            "justifyContent": "center",
            "marginTop": 50,
            "width": 100,
          },
          Object {
            "alignItems": "center",
            "borderColor": "black",
            "borderWidth": 1,
            "height": 35,
            "justifyContent": "center",
            "marginTop": 50,
            "width": 120,
          },
        ]
      }>
      <Text
        accessible={true}
        allowFontScaling={true}
        ellipsizeMode="tail"
        style={
          Array [
            Object {
              "fontSize": 15,
            },
            Object {
              "fontSize": 20,
            },
          ]
        }>
        LOGOUT
      </Text>
    </View>
  </View>
</View>
`;
