exports[`test renders correctly 1`] = `
<View
  style={
    Object {
      "alignItems": "center",
      "flex": 1,
      "justifyContent": "center",
      "marginTop": 50,
    }
  }>
  <Text
    accessible={true}
    allowFontScaling={true}
    ellipsizeMode="tail"
    onPress={[Function]}>
    Im the 
    TEST TEXT
     component with title 
    TEST TITLE
  </Text>
</View>
`;
