exports[`test renders correctly 1`] = `
<View
  style={
    Object {
      "alignItems": "center",
      "flex": 1,
      "justifyContent": "center",
      "marginTop": 50,
    }
  }>
  <Text
    accessible={true}
    allowFontScaling={true}
    ellipsizeMode="tail"
    style={
      Object {
        "fontSize": 40,
        "fontWeight": "bold",
        "marginBottom": 70,
      }
    }>
    Sample App
  </Text>
  <LoginForm />
</View>
`;
